// Jest Snapshot v1, https://goo.gl/fbAQLP

exports[`renders correctly 1`] = `
<View
  style={
    Object {
      "flex": 1,
    }
  }
>
  <Text>
    QuizBuilder
  </Text>
  <View
    style={
      Object {
        "alignItems": "center",
      }
    }
  >
    <Text>
      How many Questions?
    </Text>
    <View
      style={
        Array [
          undefined,
          undefined,
          Object {
            "flexDirection": "row",
          },
        ]
      }
    >
      <View>
        <View
          style={
            Array [
              Object {
                "flexDirection": "row",
                "marginBottom": 5,
              },
              undefined,
              false,
            ]
          }
        >
          <View>
            <View
              accessibilityLabel="radioButtonInput0"
              accessible={true}
              focusable={true}
              onClick={[Function]}
              onResponderGrant={[Function]}
              onResponderMove={[Function]}
              onResponderRelease={[Function]}
              onResponderTerminate={[Function]}
              onResponderTerminationRequest={[Function]}
              onStartShouldSetResponder={[Function]}
              style={
                Object {
                  "alignItems": "center",
                  "alignSelf": "center",
                  "borderColor": "#2196f3",
                  "borderRadius": 15,
                  "borderWidth": 3,
                  "height": 30,
                  "justifyContent": "center",
                  "opacity": 1,
                  "width": 30,
                }
              }
              testID="radioButtonInputradioButton|0"
            >
              <View
                style={
                  Array [
                    Object {
                      "borderRadius": 10,
                    },
                    false,
                    false,
                    false,
                  ]
                }
              />
            </View>
          </View>
          <View
            accessibilityLabel="radioButtonLabel0"
            accessible={true}
            focusable={true}
            onClick={[Function]}
            onResponderGrant={[Function]}
            onResponderMove={[Function]}
            onResponderRelease={[Function]}
            onResponderTerminate={[Function]}
            onResponderTerminationRequest={[Function]}
            onStartShouldSetResponder={[Function]}
            style={
              Array [
                undefined,
                Object {
                  "alignItems": "center",
                  "alignSelf": "center",
                  "flexDirection": "row",
                },
              ]
            }
            testID="radioButtonLabelradioButton|0"
          >
            <Text
              style={
                Array [
                  Object {
                    "lineHeight": 20,
                    "paddingLeft": 10,
                  },
                  false,
                  Object {
                    "color": "#000",
                  },
                  Object {
                    "paddingRight": 20,
                  },
                ]
              }
            >
              5
            </Text>
          </View>
        </View>
      </View>
      <View>
        <View
          style={
            Array [
              Object {
                "flexDirection": "row",
                "marginBottom": 5,
              },
              undefined,
              false,
            ]
          }
        >
          <View>
            <View
              accessibilityLabel="radioButtonInput1"
              accessible={true}
              focusable={true}
              onClick={[Function]}
              onResponderGrant={[Function]}
              onResponderMove={[Function]}
              onResponderRelease={[Function]}
              onResponderTerminate={[Function]}
              onResponderTerminationRequest={[Function]}
              onStartShouldSetResponder={[Function]}
              style={
                Object {
                  "alignItems": "center",
                  "alignSelf": "center",
                  "borderColor": "#2196f3",
                  "borderRadius": 15,
                  "borderWidth": 3,
                  "height": 30,
                  "justifyContent": "center",
                  "opacity": 1,
                  "width": 30,
                }
              }
              testID="radioButtonInputradioButton|1"
            >
              <View
                style={
                  Array [
                    Object {
                      "borderRadius": 10,
                    },
                    Object {
                      "backgroundColor": "#2196f3",
                      "height": 20,
                      "width": 20,
                    },
                    Object {
                      "borderRadius": 10,
                      "height": 20,
                      "width": 20,
                    },
                    Object {
                      "backgroundColor": "#2196f3",
                    },
                  ]
                }
              />
            </View>
          </View>
          <View
            accessibilityLabel="radioButtonLabel1"
            accessible={true}
            focusable={true}
            onClick={[Function]}
            onResponderGrant={[Function]}
            onResponderMove={[Function]}
            onResponderRelease={[Function]}
            onResponderTerminate={[Function]}
            onResponderTerminationRequest={[Function]}
            onStartShouldSetResponder={[Function]}
            style={
              Array [
                undefined,
                Object {
                  "alignItems": "center",
                  "alignSelf": "center",
                  "flexDirection": "row",
                },
              ]
            }
            testID="radioButtonLabelradioButton|1"
          >
            <Text
              style={
                Array [
                  Object {
                    "lineHeight": 20,
                    "paddingLeft": 10,
                  },
                  false,
                  Object {
                    "color": "#000",
                  },
                  Object {
                    "paddingRight": 20,
                  },
                ]
              }
            >
              10
            </Text>
          </View>
        </View>
      </View>
      <View>
        <View
          style={
            Array [
              Object {
                "flexDirection": "row",
                "marginBottom": 5,
              },
              undefined,
              false,
            ]
          }
        >
          <View>
            <View
              accessibilityLabel="radioButtonInput2"
              accessible={true}
              focusable={true}
              onClick={[Function]}
              onResponderGrant={[Function]}
              onResponderMove={[Function]}
              onResponderRelease={[Function]}
              onResponderTerminate={[Function]}
              onResponderTerminationRequest={[Function]}
              onStartShouldSetResponder={[Function]}
              style={
                Object {
                  "alignItems": "center",
                  "alignSelf": "center",
                  "borderColor": "#2196f3",
                  "borderRadius": 15,
                  "borderWidth": 3,
                  "height": 30,
                  "justifyContent": "center",
                  "opacity": 1,
                  "width": 30,
                }
              }
              testID="radioButtonInputradioButton|2"
            >
              <View
                style={
                  Array [
                    Object {
                      "borderRadius": 10,
                    },
                    false,
                    false,
                    false,
                  ]
                }
              />
            </View>
          </View>
          <View
            accessibilityLabel="radioButtonLabel2"
            accessible={true}
            focusable={true}
            onClick={[Function]}
            onResponderGrant={[Function]}
            onResponderMove={[Function]}
            onResponderRelease={[Function]}
            onResponderTerminate={[Function]}
            onResponderTerminationRequest={[Function]}
            onStartShouldSetResponder={[Function]}
            style={
              Array [
                undefined,
                Object {
                  "alignItems": "center",
                  "alignSelf": "center",
                  "flexDirection": "row",
                },
              ]
            }
            testID="radioButtonLabelradioButton|2"
          >
            <Text
              style={
                Array [
                  Object {
                    "lineHeight": 20,
                    "paddingLeft": 10,
                  },
                  false,
                  Object {
                    "color": "#000",
                  },
                  Object {
                    "paddingRight": 20,
                  },
                ]
              }
            >
              15
            </Text>
          </View>
        </View>
      </View>
    </View>
  </View>
  <View
    style={
      Object {
        "alignItems": "center",
      }
    }
  >
    <Text>
      Choose the difficulty
    </Text>
    <View
      style={
        Array [
          undefined,
          undefined,
          false,
        ]
      }
    >
      <View>
        <View
          style={
            Array [
              Object {
                "flexDirection": "row",
                "marginBottom": 5,
              },
              undefined,
              false,
            ]
          }
        >
          <View>
            <View
              accessibilityLabel="radioButtonInput0"
              accessible={true}
              focusable={true}
              onClick={[Function]}
              onResponderGrant={[Function]}
              onResponderMove={[Function]}
              onResponderRelease={[Function]}
              onResponderTerminate={[Function]}
              onResponderTerminationRequest={[Function]}
              onStartShouldSetResponder={[Function]}
              style={
                Object {
                  "alignItems": "center",
                  "alignSelf": "center",
                  "borderColor": "#2196f3",
                  "borderRadius": 15,
                  "borderWidth": 3,
                  "height": 30,
                  "justifyContent": "center",
                  "opacity": 1,
                  "width": 30,
                }
              }
              testID="radioButtonInputradioButton|0"
            >
              <View
                style={
                  Array [
                    Object {
                      "borderRadius": 10,
                    },
                    Object {
                      "backgroundColor": "#2196f3",
                      "height": 20,
                      "width": 20,
                    },
                    Object {
                      "borderRadius": 10,
                      "height": 20,
                      "width": 20,
                    },
                    Object {
                      "backgroundColor": "#2196f3",
                    },
                  ]
                }
              />
            </View>
          </View>
          <View
            accessibilityLabel="radioButtonLabel0"
            accessible={true}
            focusable={true}
            onClick={[Function]}
            onResponderGrant={[Function]}
            onResponderMove={[Function]}
            onResponderRelease={[Function]}
            onResponderTerminate={[Function]}
            onResponderTerminationRequest={[Function]}
            onStartShouldSetResponder={[Function]}
            style={
              Array [
                undefined,
                Object {
                  "alignItems": "center",
                  "alignSelf": "center",
                  "flexDirection": "row",
                },
              ]
            }
            testID="radioButtonLabelradioButton|0"
          >
            <Text
              style={
                Array [
                  Object {
                    "lineHeight": 20,
                    "paddingLeft": 10,
                  },
                  false,
                  Object {
                    "color": "#000",
                  },
                  Object {
                    "paddingRight": 20,
                  },
                ]
              }
            >
              Any difficulty
            </Text>
          </View>
        </View>
      </View>
      <View>
        <View
          style={
            Array [
              Object {
                "flexDirection": "row",
                "marginBottom": 5,
              },
              undefined,
              false,
            ]
          }
        >
          <View>
            <View
              accessibilityLabel="radioButtonInput1"
              accessible={true}
              focusable={true}
              onClick={[Function]}
              onResponderGrant={[Function]}
              onResponderMove={[Function]}
              onResponderRelease={[Function]}
              onResponderTerminate={[Function]}
              onResponderTerminationRequest={[Function]}
              onStartShouldSetResponder={[Function]}
              style={
                Object {
                  "alignItems": "center",
                  "alignSelf": "center",
                  "borderColor": "#2196f3",
                  "borderRadius": 15,
                  "borderWidth": 3,
                  "height": 30,
                  "justifyContent": "center",
                  "opacity": 1,
                  "width": 30,
                }
              }
              testID="radioButtonInputradioButton|1"
            >
              <View
                style={
                  Array [
                    Object {
                      "borderRadius": 10,
                    },
                    false,
                    false,
                    false,
                  ]
                }
              />
            </View>
          </View>
          <View
            accessibilityLabel="radioButtonLabel1"
            accessible={true}
            focusable={true}
            onClick={[Function]}
            onResponderGrant={[Function]}
            onResponderMove={[Function]}
            onResponderRelease={[Function]}
            onResponderTerminate={[Function]}
            onResponderTerminationRequest={[Function]}
            onStartShouldSetResponder={[Function]}
            style={
              Array [
                undefined,
                Object {
                  "alignItems": "center",
                  "alignSelf": "center",
                  "flexDirection": "row",
                },
              ]
            }
            testID="radioButtonLabelradioButton|1"
          >
            <Text
              style={
                Array [
                  Object {
                    "lineHeight": 20,
                    "paddingLeft": 10,
                  },
                  false,
                  Object {
                    "color": "#000",
                  },
                  Object {
                    "paddingRight": 20,
                  },
                ]
              }
            >
              Easy
            </Text>
          </View>
        </View>
      </View>
      <View>
        <View
          style={
            Array [
              Object {
                "flexDirection": "row",
                "marginBottom": 5,
              },
              undefined,
              false,
            ]
          }
        >
          <View>
            <View
              accessibilityLabel="radioButtonInput2"
              accessible={true}
              focusable={true}
              onClick={[Function]}
              onResponderGrant={[Function]}
              onResponderMove={[Function]}
              onResponderRelease={[Function]}
              onResponderTerminate={[Function]}
              onResponderTerminationRequest={[Function]}
              onStartShouldSetResponder={[Function]}
              style={
                Object {
                  "alignItems": "center",
                  "alignSelf": "center",
                  "borderColor": "#2196f3",
                  "borderRadius": 15,
                  "borderWidth": 3,
                  "height": 30,
                  "justifyContent": "center",
                  "opacity": 1,
                  "width": 30,
                }
              }
              testID="radioButtonInputradioButton|2"
            >
              <View
                style={
                  Array [
                    Object {
                      "borderRadius": 10,
                    },
                    false,
                    false,
                    false,
                  ]
                }
              />
            </View>
          </View>
          <View
            accessibilityLabel="radioButtonLabel2"
            accessible={true}
            focusable={true}
            onClick={[Function]}
            onResponderGrant={[Function]}
            onResponderMove={[Function]}
            onResponderRelease={[Function]}
            onResponderTerminate={[Function]}
            onResponderTerminationRequest={[Function]}
            onStartShouldSetResponder={[Function]}
            style={
              Array [
                undefined,
                Object {
                  "alignItems": "center",
                  "alignSelf": "center",
                  "flexDirection": "row",
                },
              ]
            }
            testID="radioButtonLabelradioButton|2"
          >
            <Text
              style={
                Array [
                  Object {
                    "lineHeight": 20,
                    "paddingLeft": 10,
                  },
                  false,
                  Object {
                    "color": "#000",
                  },
                  Object {
                    "paddingRight": 20,
                  },
                ]
              }
            >
              Medium
            </Text>
          </View>
        </View>
      </View>
      <View>
        <View
          style={
            Array [
              Object {
                "flexDirection": "row",
                "marginBottom": 5,
              },
              undefined,
              false,
            ]
          }
        >
          <View>
            <View
              accessibilityLabel="radioButtonInput3"
              accessible={true}
              focusable={true}
              onClick={[Function]}
              onResponderGrant={[Function]}
              onResponderMove={[Function]}
              onResponderRelease={[Function]}
              onResponderTerminate={[Function]}
              onResponderTerminationRequest={[Function]}
              onStartShouldSetResponder={[Function]}
              style={
                Object {
                  "alignItems": "center",
                  "alignSelf": "center",
                  "borderColor": "#2196f3",
                  "borderRadius": 15,
                  "borderWidth": 3,
                  "height": 30,
                  "justifyContent": "center",
                  "opacity": 1,
                  "width": 30,
                }
              }
              testID="radioButtonInputradioButton|3"
            >
              <View
                style={
                  Array [
                    Object {
                      "borderRadius": 10,
                    },
                    false,
                    false,
                    false,
                  ]
                }
              />
            </View>
          </View>
          <View
            accessibilityLabel="radioButtonLabel3"
            accessible={true}
            focusable={true}
            onClick={[Function]}
            onResponderGrant={[Function]}
            onResponderMove={[Function]}
            onResponderRelease={[Function]}
            onResponderTerminate={[Function]}
            onResponderTerminationRequest={[Function]}
            onStartShouldSetResponder={[Function]}
            style={
              Array [
                undefined,
                Object {
                  "alignItems": "center",
                  "alignSelf": "center",
                  "flexDirection": "row",
                },
              ]
            }
            testID="radioButtonLabelradioButton|3"
          >
            <Text
              style={
                Array [
                  Object {
                    "lineHeight": 20,
                    "paddingLeft": 10,
                  },
                  false,
                  Object {
                    "color": "#000",
                  },
                  Object {
                    "paddingRight": 20,
                  },
                ]
              }
            >
              Hard
            </Text>
          </View>
        </View>
      </View>
    </View>
  </View>
  <Text>
    Select a difficulty
  </Text>
  <View>
    <View
      style={
        Array [
          Object {
            "alignSelf": "stretch",
          },
          undefined,
        ]
      }
    >
      <View
        accessible={true}
        focusable={true}
        onClick={[Function]}
        onResponderGrant={[Function]}
        onResponderMove={[Function]}
        onResponderRelease={[Function]}
        onResponderTerminate={[Function]}
        onResponderTerminationRequest={[Function]}
        onStartShouldSetResponder={[Function]}
        style={
          Object {
            "opacity": 1,
          }
        }
        testID="ios_touchable_wrapper"
      >
        <View
          pointerEvents="box-only"
        >
          <TextInput
            allowFontScaling={true}
            editable={false}
            rejectResponderTermination={true}
            style={
              Array [
                undefined,
                Object {},
              ]
            }
            testID="text_input"
            underlineColorAndroid="transparent"
            value="Any Category"
          />
        </View>
      </View>
      <Modal
        hardwareAccelerated={false}
        onOrientationChange={[Function]}
        supportedOrientations={
          Array [
            "portrait",
            "landscape",
          ]
        }
        testID="ios_modal"
        transparent={true}
        visible={false}
      >
        <View
          accessible={true}
          focusable={true}
          onClick={[Function]}
          onResponderGrant={[Function]}
          onResponderMove={[Function]}
          onResponderRelease={[Function]}
          onResponderTerminate={[Function]}
          onResponderTerminationRequest={[Function]}
          onStartShouldSetResponder={[Function]}
          style={
            Object {
              "flex": 1,
              "opacity": 1,
            }
          }
          testID="ios_modal_top"
        />
        <View
          style={
            Array [
              Object {
                "alignItems": "center",
                "backgroundColor": "#f8f8f8",
                "borderTopColor": "#dedede",
                "borderTopWidth": 1,
                "flexDirection": "row",
                "height": 45,
                "justifyContent": "space-between",
                "paddingHorizontal": 10,
                "zIndex": 2,
              },
              undefined,
            ]
          }
          testID="input_accessory_view"
        >
          <View
            style={
              Array [
                Object {
                  "flexDirection": "row",
                },
                undefined,
              ]
            }
          >
            <View
              accessible={true}
              focusable={true}
              onClick={[Function]}
              onResponderGrant={[Function]}
              onResponderMove={[Function]}
              onResponderRelease={[Function]}
              onResponderTerminate={[Function]}
              onResponderTerminationRequest={[Function]}
              onStartShouldSetResponder={[Function]}
              style={
                Object {
                  "opacity": 1,
                }
              }
            >
              <View
                style={
                  Array [
                    Object {
                      "backgroundColor": "transparent",
                      "borderColor": "#a1a1a1",
                      "borderRightWidth": 1.5,
                      "borderTopWidth": 1.5,
                      "height": 15,
                      "width": 15,
                    },
                    undefined,
                    Object {
                      "marginLeft": 11,
                      "transform": Array [
                        Object {
                          "translateY": 4,
                        },
                        Object {
                          "rotate": "-45deg",
                        },
                      ],
                    },
                    undefined,
                    Object {},
                  ]
                }
              />
            </View>
            <View
              accessible={true}
              focusable={true}
              onClick={[Function]}
              onResponderGrant={[Function]}
              onResponderMove={[Function]}
              onResponderRelease={[Function]}
              onResponderTerminate={[Function]}
              onResponderTerminationRequest={[Function]}
              onStartShouldSetResponder={[Function]}
              style={
                Object {
                  "opacity": 1,
                }
              }
            >
              <View
                style={
                  Array [
                    Object {
                      "backgroundColor": "transparent",
                      "borderColor": "#a1a1a1",
                      "borderRightWidth": 1.5,
                      "borderTopWidth": 1.5,
                      "height": 15,
                      "width": 15,
                    },
                    undefined,
                    Object {
                      "marginLeft": 22,
                      "transform": Array [
                        Object {
                          "translateY": -5,
                        },
                        Object {
                          "rotate": "135deg",
                        },
                      ],
                    },
                    undefined,
                    Object {},
                  ]
                }
              />
            </View>
          </View>
          <View
            accessible={true}
            focusable={true}
            hitSlop={
              Object {
                "bottom": 4,
                "left": 4,
                "right": 4,
                "top": 4,
              }
            }
            onClick={[Function]}
            onResponderGrant={[Function]}
            onResponderMove={[Function]}
            onResponderRelease={[Function]}
            onResponderTerminate={[Function]}
            onResponderTerminationRequest={[Function]}
            onStartShouldSetResponder={[Function]}
            style={
              Object {
                "opacity": 1,
              }
            }
            testID="done_button"
          >
            <View
              testID="needed_for_touchable"
            >
              <Text
                allowFontScaling={false}
                style={
                  Array [
                    Object {
                      "color": "#007aff",
                      "fontSize": 17,
                      "fontWeight": "600",
                      "paddingRight": 11,
                      "paddingTop": 1,
                    },
                    undefined,
                    Object {},
                  ]
                }
                testID="done_text"
              >
                Done
              </Text>
            </View>
          </View>
        </View>
        <View
          style={
            Array [
              Object {
                "backgroundColor": "#d0d4da",
                "justifyContent": "center",
              },
              Object {
                "height": 215,
              },
              undefined,
            ]
          }
        >
          <View>
            <RNCPicker
              items={
                Array [
                  Object {
                    "label": "Select an item...",
                    "testID": undefined,
                    "textColor": 4288585892,
                    "value": null,
                  },
                  Object {
                    "label": "Any Category",
                    "testID": undefined,
                    "textColor": undefined,
                    "value": "",
                  },
                  Object {
                    "label": "test2",
                    "testID": undefined,
                    "textColor": undefined,
                    "value": "test2",
                  },
                ]
              }
              onChange={[Function]}
              selectedIndex={1}
              style={
                Array [
                  Object {
                    "height": 216,
                  },
                  undefined,
                ]
              }
              testID="ios_picker"
            />
          </View>
        </View>
      </Modal>
    </View>
  </View>
</View>
`;
